=== Some Some Some true ===
[
  true
]
=== Some Some None ===
[
  {
    "__option": {
      "__option": null
    }
  }
]
=== Some None ===
[
  {
    "__option": null
  }
]
=== None ===
[
  null
]
=== Some Some Some true ===
[
  {
    "a": true
  }
]
=== Some Some None ===
[
  {
    "a": {
      "__option": {
        "__option": null
      }
    }
  }
]
=== Some None ===
[
  {
    "a": {
      "__option": null
    }
  }
]
=== None ===
[
  {
    "a": null
  }
]
=== unit option option list option option ===
[
  [
    {
      "__option": {
        "__option": null
      }
    },
    {
      "__option": null
    },
    null
  ]
]
=== confuse deserialization by using reserved word ===
[
  {
    "o": {
      "option": true
    }
  }
]
=== S3 ===
[
  {
    "Contents": [
      {
        "ETag": "Etag",
        "StorageClass": "STANDARD"
      }
    ],
    "Prefix": "prefix"
  }
]
=== Types ===
[
  {
    "baz": {
      "y_yd": [
        "Variant_two1",
        1
      ],
      "y_yc": [
        "three",
        [
          100,
          200,
          300
        ]
      ],
      "y_b": [
        "two",
        [
          10,
          20,
          30
        ]
      ],
      "y_a": 2
    },
    "bar": "one",
    "foo": 1
  }
]
=== Simple ===
[
  [
    "A",
    [
      "B",
      5
    ],
    [
      "C",
      6,
      7
    ],
    [
      "D",
      8,
      9
    ]
  ]
]
=== Tuple ===
[
  [
    "A",
    3,
    4
  ]
]
=== Tree ===
[
  [
    "Node",
    [
      "Node",
      "Leaf",
      3,
      "Leaf"
    ],
    10,
    "Leaf"
  ]
]
=== MutualRecursion ===
[
  [
    "T1",
    [
      "V",
      [
        "T",
        [
          "V",
          [
            "V1",
            [
              "V1",
              [
                "V1",
                [
                  "V0",
                  5
                ]
              ]
            ]
          ]
        ]
      ]
    ]
  ]
]
=== InsideRec ===
[
  {
    "c": "c",
    "V": "A",
    "a": "a"
  }
]
=== Inline Record ===
[
  [
    "A",
    {
      "a": "a"
    }
  ]
]
=== Inline Record ===
[
  [
    "aa",
    {
      "b": [
        "aa",
        {
          "b": [
            "B",
            5
          ],
          "A": "a"
        }
      ],
      "A": "a"
    }
  ]
]
=== Polymoric variants ===
[
  [
    "a",
    5
  ]
]
=== Nonrec ===
[
  [
    "A",
    [
      "Cons",
      4,
      [
        "Cons",
        3,
        "Nil"
      ]
    ]
  ]
]
=== Nonrec2 ===
[
  [
    "Cons",
    4,
    [
      "Cons",
      3,
      "Nil"
    ]
  ]
]
=== None ===
[
  null
]
=== Some None ===
[
  {
    "__option": null
  }
]
=== Some Some None ===
[
  {
    "__option": {
      "__option": null
    }
  }
]
=== Some Some Some Unit ===
[
  {
    "__option": {
      "__option": {
        "__option": {
          "__option": null
        }
      }
    }
  }
]
=== SingleElem ===
[
  []
]
=== SingleElem ===
[
  [
    2
  ]
]
=== Longlist ===
[
  [
    4,
    2,
    3,
    1
  ]
]
=== EmptyInsideRec ===
[
  {
    "c": "c",
    "V": [],
    "a": "a"
  }
]
=== SingleInsideRec ===
[
  {
    "c": "c",
    "V": [
      2
    ],
    "a": "a"
  }
]
=== MultiInsideRec ===
[
  {
    "c": "c",
    "V": [
      4,
      2,
      3,
      1
    ],
    "a": "a"
  }
]
=== ListOfLists ===
[
  {
    "a": [
      [
        2,
        3
      ],
      [
        4,
        5
      ]
    ]
  }
]
=== ListOfLists2 ===
[
  [
    [],
    [
      [],
      [
        2
      ],
      [
        3,
        4
      ]
    ],
    [
      []
    ],
    [
      [
        2
      ]
    ]
  ]
]
=== SingleElem ===
[
  []
]
=== SingleElem ===
[
  [
    2
  ]
]
=== Longarray ===
[
  [
    4,
    2,
    3,
    1
  ]
]
=== EmptyInsideRec ===
[
  {
    "c": "c",
    "V": [],
    "a": "a"
  }
]
=== SingleInsideRec ===
[
  {
    "c": "c",
    "V": [
      2
    ],
    "a": "a"
  }
]
=== MultiInsideRec ===
[
  {
    "c": "c",
    "V": [
      4,
      2,
      3,
      1
    ],
    "a": "a"
  }
]
=== ArrayOfArrays ===
[
  {
    "a": [
      [
        2,
        3
      ],
      [
        4,
        5
      ]
    ]
  }
]
=== ArrayOfArrays2 ===
[
  [
    [],
    [
      [],
      [
        2
      ],
      [
        3,
        4
      ]
    ],
    [
      []
    ],
    [
      [
        2
      ]
    ]
  ]
]
=== RecordList ===
[
  {
    "objects": [
      {
        "key": 1
      },
      {
        "key": 2
      }
    ]
  }
]
=== SimpleRecord ===
[
  {
    "HostId": "SDsd",
    "RequestId": "sdfsd",
    "Endpoint": null,
    "Bucket": null,
    "Message": "Message",
    "Code": "Error"
  }
]
=== simple ===
[
  5
]
=== record ===
[
  {
    "a": 5
  }
]
=== multiple ===
[
  [
    5,
    "5",
    true
  ]
]
=== reference ===
[
  {
    "a": {
      "a": 5
    }
  }
]
=== recursive ===
[
  {
    "c": {
      "b": {
        "a": 5
      }
    }
  }
]
=== Simple ===
[
  [
    "A",
    [
      "B",
      5
    ],
    [
      "C",
      6,
      7
    ],
    [
      "D",
      8,
      9
    ]
  ]
]
=== Tree ===
[
  [
    "Node",
    [
      "Node",
      "Leaf",
      3,
      "Leaf"
    ],
    10,
    "Leaf"
  ]
]
=== MutualRecursion ===
[
  [
    "T1",
    [
      "V",
      [
        "T",
        [
          "V",
          [
            "V1",
            [
              "V1",
              [
                "V1",
                [
                  "V0",
                  5
                ]
              ]
            ]
          ]
        ]
      ]
    ]
  ]
]
=== InsideRec ===
[
  {
    "c": "c",
    "V": "A",
    "a": "a"
  }
]
=== Tuple ===
[
  [
    [
      10,
      [
        20,
        30,
        40
      ],
      [
        "s50",
        "s60",
        "s70"
      ],
      [
        [
          100,
          200
        ],
        [
          300,
          400
        ],
        [
          500,
          600
        ]
      ]
    ],
    [
      11,
      [
        21,
        31,
        41
      ],
      [
        "s51",
        "s61",
        "s71"
      ],
      [
        [
          101,
          201
        ],
        [
          301,
          401
        ],
        [
          501,
          601
        ]
      ]
    ],
    [
      12,
      [
        22,
        32,
        42
      ],
      [
        "s52",
        "s62",
        "s72"
      ],
      [
        [
          102,
          202
        ],
        [
          302,
          402
        ],
        [
          502,
          602
        ]
      ]
    ],
    [
      13,
      [
        23,
        33,
        43
      ],
      [
        "s53",
        "s63",
        "s73"
      ],
      [
        [
          103,
          203
        ],
        [
          303,
          403
        ],
        [
          503,
          603
        ]
      ]
    ]
  ]
]
=== Any ===
[
  {
    "z": 101,
    "record": {
      "y": "string",
      "x": 5
    },
    "varray": [
      [
        "B",
        [
          5,
          6,
          7
        ],
        [
          10,
          11,
          12
        ]
      ],
      [
        "B",
        [
          5,
          6,
          7
        ],
        [
          10,
          11,
          12
        ]
      ],
      [
        "B",
        [
          5,
          6,
          7
        ],
        [
          10,
          11,
          12
        ]
      ]
    ],
    "vlist": [
      [
        "B",
        [
          5,
          6,
          7
        ],
        [
          10,
          11,
          12
        ]
      ],
      [
        "B",
        [
          5,
          6,
          7
        ],
        [
          10,
          11,
          12
        ]
      ],
      [
        "B",
        [
          5,
          6,
          7
        ],
        [
          10,
          11,
          12
        ]
      ]
    ],
    "tuple": [
      5,
      "protocol",
      false
    ],
    "intref": 4,
    "intoption": 100,
    "intlist": [
      3,
      4,
      5
    ],
    "string": "string",
    "float": 3.14,
    "int64": 10,
    "int32": 5,
    "int": 2,
    "char": "x",
    "bool": true
  }
]
=== Record ===
[
  {
    "t_il": [
      1000,
      1001,
      1002
    ],
    "t_tl": [
      [
        100,
        101,
        [
          "s100",
          "s101"
        ]
      ],
      [
        110,
        111,
        [
          "s110",
          "s111"
        ]
      ],
      [
        120,
        121,
        [
          "s120",
          "s121"
        ]
      ],
      [
        130,
        131,
        [
          "s130",
          "s131"
        ]
      ],
      [
        140,
        141,
        [
          "s140",
          "s141"
        ]
      ]
    ],
    "t_t": [
      100,
      101,
      [
        "s100",
        "s101"
      ]
    ],
    "t_i": 1000,
    "t_bl": [],
    "t_b": {
      "b_al": [
        {
          "a_string": "s7",
          "a_int": 7
        },
        {
          "a_string": "s8",
          "a_int": 8
        },
        {
          "a_string": "s9",
          "a_int": 9
        }
      ],
      "b_a": {
        "a_string": "s6",
        "a_int": 6
      },
      "b_string": "s5",
      "b_int": 5
    },
    "t_al": [
      {
        "a_string": "s2",
        "a_int": 2
      },
      {
        "a_string": "s3",
        "a_int": 3
      },
      {
        "a_string": "s4",
        "a_int": 4
      }
    ],
    "t_a": {
      "a_string": "s1",
      "a_int": 1
    }
  }
]
=== list ===
[
  {
    "a": [
      1,
      2,
      3
    ]
  }
]
=== Lists ===
[
  {
    "l": [
      [
        "A",
        [
          1,
          2,
          3
        ]
      ],
      [
        "B",
        [
          [
            1,
            2
          ],
          [
            3,
            4,
            5
          ],
          [
            2
          ]
        ],
        [
          3,
          1
        ],
        5
      ],
      [
        "C",
        [
          1,
          2,
          3
        ],
        [
          3,
          4,
          5
        ]
      ]
    ],
    "c": [
      100,
      101,
      102,
      103
    ],
    "b": [
      [
        8,
        9
      ],
      [
        10,
        20,
        30,
        40
      ]
    ],
    "a": [
      [
        1,
        2,
        3
      ],
      [],
      [
        10,
        20,
        30,
        40
      ],
      [
        100,
        101
      ]
    ]
  }
]
=== array ===
[
  {
    "a": [
      1,
      2,
      3
    ]
  }
]
